// Bun Snapshot v1, https://bun.sh/docs/test/snapshots

exports[`proposal を Markdown に出力する 1`] = `
"# T

- 更新日: 2026-09-01
- 宛先: 架空商事

## 目次

- 1. 背景
- 2. 費用
- スケジュール

## 1. 背景

検索に30分かかる[1]。詳細は表1と「2. 費用」。

**表1 導入効果**

| 項目 | 現状 |
|---|---|
| 検索 | 30 |

## 2. 費用

| 項目 | 単価 | 数量 | 金額 |
|---|---|---|---|
| ビジネスプラン | 1,200円 | 20 | 24,000円 |
| 支援 | 0円 | 1 | 0円 |
| 合計 |  |  | 24,000円 |

## スケジュール

| 時期 | 内容 |
|---|---|
| 2026-10-05 | 契約 |

## 出典

[1] 調査. <https://example.com/r>（閲覧日: 2026-09-01）  
"
`;
